// Jest Snapshot v1, https://goo.gl/fbAQLP

exports[`<Card/> should match snapshot 1`] = `
<div
  className="container-fluid"
>
  test child
</div>
`;
